// Jest Snapshot v1, https://goo.gl/fbAQLP

exports[`Base Basic functionality Should give us descriptive css naming for classes 1`] = `
"div{background-color:blue}._1HE5XLNNENZXQ4AbFqsGYc{color:red}

/*# sourceMappingURL=principal.css.map*/"
`;

exports[`Base Checks Should initialize correctly the native polyfilled urls 1`] = `
Object {
  "assert": "/Users/muriloaraujo/Projetos/Muritavo/webpack-microfrontend-scripts/node_modules/assert/build/assert.js",
  "buffer": "/Users/muriloaraujo/Projetos/Muritavo/webpack-microfrontend-scripts/node_modules/buffer/index.js",
  "crypto": "/Users/muriloaraujo/Projetos/Muritavo/webpack-microfrontend-scripts/node_modules/crypto-browserify/index.js",
  "http": "/Users/muriloaraujo/Projetos/Muritavo/webpack-microfrontend-scripts/node_modules/stream-http/index.js",
  "https": "/Users/muriloaraujo/Projetos/Muritavo/webpack-microfrontend-scripts/node_modules/https-browserify/index.js",
  "os": "/Users/muriloaraujo/Projetos/Muritavo/webpack-microfrontend-scripts/node_modules/os-browserify/browser.js",
  "stream": "/Users/muriloaraujo/Projetos/Muritavo/webpack-microfrontend-scripts/node_modules/stream-browserify/index.js",
  "url": "/Users/muriloaraujo/Projetos/Muritavo/webpack-microfrontend-scripts/node_modules/url/url.js",
}
`;

exports[`Optimizations Build process Should generate a single bundle when multiple modules are compiled 1`] = `
Array [
  "/build/375.chunk.js - 12905",
  "/build/589.chunk.js - 193830",
  "/build/index.html - 91",
  "/build/index.js - 13046",
  "/build/main.chunk.js - 21975",
  "/build/metadata/feature/somefeature.json - 2",
  "/build/principal.chunk.js - 448",
]
`;
